[www.meitalav.co.il/index.html]
[backblue.gif]
[fade.gif]
[index.html]
[www.meitalav.co.il/IP_Master_PT_RTL.masterae57.css]
[www.meitalav.co.il/home-1ae57.css]
[images.webydo.com/JssorMedia/js/jssor.slider.mini.js]
[global.webydo.com/v8/WidgetsGallery/utilsae57.js]
[images7.webydo.com/-1/GalleryFullWidth/arrow_left.png]
[www.meitalav.co.il/מערכת-הנשימה.html]
[www.meitalav.co.il/מערכת-העור.html]
[code.jquery.com/jquery-1.7.2.min.js]
[www.meitalav.co.il/מערכת-העיכול.html]
[global.webydo.com/v8/GalleryFreeElements/scripts/jquery.flexslider.js]
[global.webydo.com/v8/GalleryFreeElements/styles/gallery0.css]
[global.webydo.com/v8/mainf2f5.css]
[global.webydo.com/v8/skrollrf2f5.js]
[global.webydo.com/v8/scriptf2f5.js]
[www.meitalav.co.il/about.html]
[images7.webydo.com/91/9142713/3958/6D5A660E-576D-E357-2AD8-65EF621C52FD.png]
[images7.webydo.com/91/9142713/3958/26122B06-515F-8F14-411D-072F14436348.png]
[www.meitalav.co.il/גניקולוגיה.html]
[images7.webydo.com/91/9142713/3958/0F91B6ED-205A-AC3F-6CBD-9599DDED9C6A.png]
[www.meitalav.co.il/אינדקס-מחלות.html]
[images7.webydo.com/91/9142713/3958/B2C464CF-0CAA-4209-DFB0-674DF5D898DF.png]
[images7.webydo.com/91/9142713/3958/332A2D64-4258-4DEE-E859-89CC52288370.png]
[images7.webydo.com/91/9142713/3958/A755AD9A-D0B8-352F-7A64-2A8B4FCFEA31.png]
[images7.webydo.com/91/9142713/3958/87961026-8572-8F33-3589-B9D2CF6A7BC6.png]
[images7.webydo.com/91/9142713/3958/5EC959F9-536D-02AA-2001-09A0808AAD97.png]
[images7.webydo.com/91/9142713/3958/38D587E1-6B45-EC99-01F0-7626E9AD2446.png]
[www.meitalav.co.il/חיים-בצל-החרדה-והפחד.html]
[images7.webydo.com/91/9142713/3958/7E171485-AF5E-92FB-D905-98F2D56DBF6F.png]
[images7.webydo.com/91/9142713/3958/A2F1BC58-8725-E0E8-7E5B-051D52896273.png]
[images7.webydo.com/91/9142713/3958/36CDE3C5-C044-ECB9-F433-7363570EE81E.png]
[www.meitalav.co.il/חנות-מוצרים.html]
[images7.webydo.com/91/9142713/3958/D2446960-F952-C637-C130-23CC2F583694.png]
[www.meitalav.co.il/סרטונים.html]
[images7.webydo.com/91/9142713/3958/4E5EFBA0-1D6A-0341-16B5-0C8702E6C205.png]
[www.meitalav.co.il/שפת-הגוף-והנפש.html]
[images7.webydo.com/91/9142713/3958/00F04C2D-D2FD-12F6-ECA7-DA9355F91733.png]
[www.meitalav.co.il/תינוקות-וילדים.html]
[images7.webydo.com/91/9142713/3958/978BFA6E-1E03-B181-0EDF-DFC9F2BB8999.png]
[www.meitalav.co.il/קוסמטיקה-טבעית.html]
[images7.webydo.com/91/9142713/606026/C315C85C-4BFF-5D63-8473-C56A1B6C9D3F.jpg]
[images7.webydo.com/91/9142713/606026/009C374C-6BB8-4337-2F49-3EBBEFC760ED.jpg]
[images7.webydo.com/91/9142713/606026/EA72DA27-BB48-D7E0-124F-4A3B0582EC22.jpg]
[images7.webydo.com/91/9142713/606026/D0DAACB1-8070-7A91-D031-0F4414BAF2E9.jpg]
[images7.webydo.com/-1/GalleryGeneral/gallery_prev_arrow.png]
[images7.webydo.com/-1/GalleryGeneral/gallery_next_arrow.png]
[images7.webydo.com/91/9142713///-1/GalleryGeneral/gallery_prev_arrow.png]
[images7.webydo.com/91/9142713///-1/GalleryGeneral/gallery_next_arrow.png]
[www.meitalav.co.il/home.html]
[images7.webydo.com/91/9142713/3958/9CA33C86-6F17-971A-40E7-22F3C83BF10A.png]
[images7.webydo.com/91/9142713/3958/E4EBEEFB-6EEE-E577-D17D-D091DFC37EF8.png]
[images7.webydo.com/91/9142713/3958/307BE7AD-BC0B-C5DA-3EAE-BA233A89E30B.png]
[www.meitalav.co.il/טיפולים-שלנו.html]
[www.meitalav.co.il/סדנאות-והרצאות.html]
[www.meitalav.co.il/מאמרים-וסרטונים.html]
[www.meitalav.co.il/המלצות-לקוחות.html]
[www.meitalav.co.il/contact.html]
[images7.webydo.com/91/9142713/3958/425E054E-A94A-EAEB-6CC0-D190FCD634B2.png]
[images7.webydo.com/91/9142713/3958/EC85E6A5-BD2D-EE5A-3923-899BE02A9DA0.png]
[images7.webydo.com/91/9142713/3958/EC0C0A60-E11A-89DA-1EEA-86A3FB5AF2AC.png]
[www.meitalav.co.il/מערכת-אורתופדית.html]
[www.meitalav.co.il/טיפול-ועיסוי-משולב.html]
[www.meitalav.co.il/טיפול-בדיקור.html]
[www.meitalav.co.il/רפלקסולוגיה.html]
[www.meitalav.co.il/נטורופתיה.html]
[www.meitalav.co.il/הומופתיה-מודרנית.html]
[www.meitalav.co.il/שיטת-שלושת-הממדים.html]
[www.meitalav.co.il/אינפותרפיה.html]
[www.meitalav.co.il/פרחי-באך.html]
[www.meitalav.co.il/נרות-הופי.html]
[www.meitalav.co.il/תטא-הילינג.html]
[www.meitalav.co.il/מערכת-הנשימה-והעור.html]
[www.meitalav.co.il/סדנת-רפלוקסולוגיה.html]
[www.meitalav.co.il/מערכת-עיכול-ותזונה.html]
[www.meitalav.co.il/סדנת-קוסמטיקה-טבעית.html]
[www.meitalav.co.il/מוצרי-טיפוח-לעור-הפנים.html]
[www.meitalav.co.il/מוצרי-טיפוח-לעור-הגוף.html]
[www.meitalav.co.il/פורמולות-צמחי-מרפא.html]
[www.meitalav.co.il/תוספי-מזון.html]
[www.meitalav.co.il/index.html]
[global.webydo.com/v8/base.css]
[www.meitalav.co.il/חרדות-ופחדים.html]
[images7.webydo.com/-1/MobileMenu/mobile_menu.png]
[www.meitalav.co.il/IP_Master_PT_RTL.masterae57.css]
[www.meitalav.co.il/home-1ae57.css]
[global.webydo.com/v8/WidgetsGallery/utilsae57.js]
[www.meitalav.co.il/מערכת-הנשימהae57.css]
[www.meitalav.co.il/מערכת-הנשימה.html]
[www.meitalav.co.il/מערכת-העור.html]
[www.meitalav.co.il/מערכת-העורae57.css]
[www.meitalav.co.il/מערכת-העיכול.html]
[www.meitalav.co.il/מערכת-העיכולae57.css]
[global.webydo.com/v8/GalleryFreeElements/scripts/jquery.flexslider.js]
[global.webydo.com/v8/GalleryFreeElements/styles/gallery0.css]
[images.design-editor.com/-1/imagepopup/imagepopup_overlay.png]
[images.design-editor.com/-1/imagepopup/close_btn.png]
[images5.design-editor.com/-1/MobileMenu/mobile_menu_arrow_side.png]
[images5.design-editor.com/-1/MobileMenu/mobile_menu_arrow_down.png]
[images5.design-editor.com/-1/MobileMenu/mobile_menu_arrow_side_rtl.png]
[global.webydo.com/v8/mainf2f5.css]
[fonts.googleapis.com/earlyaccess/alefhebrew.css]
[global.webydo.com/v8/skrollrf2f5.js]
[images.design-editor.com/-1/imagepopup/fancybox_sprite_left.png]
[images.design-editor.com/-1/imagepopup/fancybox_sprite_right.png]
[global.webydo.com/v8/scriptf2f5.js]
[www.meitalav.co.il/aboutae57.css]
[images7.webydo.com/91/9142713/3958/6C5DFD5F-02AB-8636-93AC-BEB776323A90.jpg]
[images7.webydo.com/91/9142713/3958/F97AF081-F523-A3F3-3CBA-1D1CE28BD91F.jpg]
[images7.webydo.com/91/9142713/3958/2318BB4C-0BD2-9BFE-F495-3C20BDDAD5C2.jpg]
[images7.webydo.com/91/9142713/3958/162C572B-9AA3-D368-8DC7-3C6ACCAFBB4B.png]
[images7.webydo.com/91/9142713/3958/B3D12755-1FFE-326E-E43E-4CAC1381D46A.jpg]
[www.meitalav.co.il/about.html]
[www.meitalav.co.il/גניקולוגיהae57.css]
[www.meitalav.co.il/גניקולוגיה.html]
[www.meitalav.co.il/אינדקס-מחלותae57.css]
[images7.webydo.com/91/9142713/3958/4A90D8E5-99C6-D947-C26D-233C4B24D7B4.png]
[images7.webydo.com/91/9142713/3958/571522E5-564C-D215-CA24-9FCD3DA65A88.png]
[images7.webydo.com/91/9142713/3958/9260F474-52F6-E985-D77C-51F365F75498.png]
[images7.webydo.com/91/9142713/3958/6A962174-1C78-7FA5-D944-B32CFDD8DCB5.png]
[images7.webydo.com/91/9142713/3958/0E49AEDE-B998-9146-E6DD-4764D6188D1B.png]
[images7.webydo.com/91/9142713/3958/AFF78B48-E5BA-4FD7-8D6B-901EC4584199.png]
[www.meitalav.co.il/אינדקס-מחלות.html]
[www.meitalav.co.il/חיים-בצל-החרדה-והפחדae57.css]
[www.meitalav.co.il/חיים-בצל-החרדה-והפחד.html]
[www.meitalav.co.il/חנות-מוצריםae57.css]
[images7.webydo.com/91/9142713/3958/84169628-65FE-4195-20E0-E75B0A636F0C.jpg]
[www.meitalav.co.il/חנות-מוצרים.html]
[www.meitalav.co.il/סרטוניםae57.css]
[www.meitalav.co.il/סרטונים.html]
[www.meitalav.co.il/שפת-הגוף-והנפשae57.css]
[www.meitalav.co.il/שפת-הגוף-והנפש.html]
[www.meitalav.co.il/תינוקות-וילדיםae57.css]
[www.meitalav.co.il/תינוקות-וילדים.html]
[www.meitalav.co.il/קוסמטיקה-טבעיתae57.css]
[www.meitalav.co.il/קוסמטיקה-טבעית.html]
[www.meitalav.co.il/homeae57.css]
[images7.webydo.com/91/9142713/129457813/34EEFAA8-B35D-7527-5B1A-FD42BC5BA293.jpg]
[images7.webydo.com/91/9142713/129457813/F9376070-B321-9AF5-B7D9-E8F6586D0CB3.jpg]
[images7.webydo.com/91/9142713/3958/6CA36FE1-1261-1607-C364-8A4BDDE16ADB.png]
[images7.webydo.com/91/9142713/129457813/F9D5648E-08E1-F375-B279-7B7823813E3A.jpg]
[images7.webydo.com/91/9142713/3958/354EFE4E-521C-19A5-6BD9-1D017E1C45DC.png]
[images7.webydo.com/91/9142713/129457813/223BE7D2-0DD2-A5E0-A593-9B22173415CF.jpg]
[images7.webydo.com/91/9142713/3958/B04A09DF-3E68-9009-46C1-A3B31DA3F3B2.png]
[www.meitalav.co.il/home.html]
[www.meitalav.co.il/טיפולים-שלנוae57.css]
[images7.webydo.com/91/9142713/3958/A3CE087D-C8AC-DFC6-EA46-AB2AB8591212.jpg]
[images7.webydo.com/91/9142713/3958/06689DAF-2627-5DBE-0B69-F08087DBDBD8.jpg]
[images7.webydo.com/91/9142713/3958/85F622AD-B6BE-394C-DDE3-BE3A0A58921B.jpg]
[images7.webydo.com/91/9142713/3958/D7B21D83-3123-FF39-219A-064749C33C82.jpg]
[images7.webydo.com/91/9142713/3958/4BA508D8-7890-3BA9-894B-3B7AAC043371.jpg]
[images7.webydo.com/91/9142713/3958/45803EB7-5530-357A-BE21-BDA9457256A6.jpg]
[images7.webydo.com/91/9142713/3958/C487957A-1110-92E5-C5C2-ED01295DE514.png]
[images7.webydo.com/91/9142713/3958/640F4EBD-504B-D795-D0D6-9C84D2325AF9.png]
[images7.webydo.com/91/9142713/3958/E9B39217-504A-FDD0-1A28-C34ECA7C64D9.png]
[images7.webydo.com/91/9142713/3958/973AEDF7-5851-2608-735A-31AE5B260B47.jpg]
[images7.webydo.com/91/9142713/3958/F4648A05-85C9-CB38-56EE-019A894D1FB3.png]
[images7.webydo.com/91/9142713/3958/0639BC7C-6E9B-6C53-4390-9812A4F26AA5.png]
[images7.webydo.com/91/9142713/3958/0CF53B9C-8DCB-1F64-A46A-C0C9B1851D75.png]
[images7.webydo.com/91/9142713/3958/50ED0CD1-664A-4F81-665D-9329193E4D73.png]
[images7.webydo.com/91/9142713/3958/CFE1C0A3-537B-D422-94E6-171027FC82E5.png]
[www.meitalav.co.il/טיפולים-שלנו.html]
[www.meitalav.co.il/סדנאות-והרצאות.html]
[www.meitalav.co.il/סדנאות-והרצאותae57.css]
[www.meitalav.co.il/מאמרים-וסרטוניםae57.css]
[images7.webydo.com/91/9142713/3958/C32CF383-1310-7972-AB90-BF0D654959D0.png]
[images7.webydo.com/91/9142713/3958/35616CD0-021C-CC37-67ED-977C33A28D2C.png]
[images7.webydo.com/91/9142713/3958/F36F6C8E-903E-35BD-D984-5E655673E5D4.png]
[images7.webydo.com/91/9142713/3958/82EE7A5C-41CD-2473-E1DF-1A092F8548A2.jpg]
[images7.webydo.com/91/9142713/3958/44B407E7-0AFD-3475-9563-99A5EC5099CD.png]
[images7.webydo.com/91/9142713/3958/FE44531D-6EAF-E4B6-D575-DB54EC979D1F.png]
[www.meitalav.co.il/מאמרים-וסרטונים.html]
[www.meitalav.co.il/המלצות-לקוחותae57.css]
[www.meitalav.co.il/המלצות-לקוחות.html]
[www.meitalav.co.il/contactae57.css]
[www.meitalav.co.il/contactae57.js]
[www.meitalav.co.il/contact.html]
[www.meitalav.co.il/מערכת-אורתופדיתae57.css]
[www.meitalav.co.il/מערכת-אורתופדית.html]
[www.meitalav.co.il/טיפול-ועיסוי-משולבae57.css]
[www.meitalav.co.il/טיפול-ועיסוי-משולב.html]
[www.meitalav.co.il/טיפול-בדיקורae57.css]
[www.meitalav.co.il/טיפול-בדיקור.html]
[www.meitalav.co.il/רפלקסולוגיהae57.css]
[www.meitalav.co.il/רפלקסולוגיה.html]
[www.meitalav.co.il/נטורופתיהae57.css]
[www.meitalav.co.il/455766.9a.delayed]
[www.meitalav.co.il/נטורופתיה.html]
[www.meitalav.co.il/הומופתיה-מודרניתae57.css]
[www.meitalav.co.il/הומופתיה-מודרנית.html]
[www.meitalav.co.il/שיטת-שלושת-הממדיםae57.css]
[www.meitalav.co.il/שיטת-שלושת-הממדים.html]
[www.meitalav.co.il/אינפותרפיהae57.css]
[www.meitalav.co.il/אינפותרפיה.html]
[www.meitalav.co.il/פרחי-באךae57.css]
[www.meitalav.co.il/פרחי-באך.html]
[www.meitalav.co.il/נרות-הופיae57.css]
[www.meitalav.co.il/נרות-הופי.html]
[www.meitalav.co.il/תטא-הילינגae57.css]
[www.meitalav.co.il/תטא-הילינג.html]
[www.meitalav.co.il/מערכת-הנשימה-והעורae57.css]
[www.meitalav.co.il/מערכת-הנשימה-והעור.html]
[www.meitalav.co.il/סדנת-רפלוקסולוגיהae57.css]
[www.meitalav.co.il/סדנת-רפלוקסולוגיה.html]
[www.meitalav.co.il/מערכת-עיכול-ותזונהae57.css]
[www.meitalav.co.il/מערכת-עיכול-ותזונה.html]
[www.meitalav.co.il/סדנת-קוסמטיקה-טבעיתae57.css]
[www.meitalav.co.il/סדנת-קוסמטיקה-טבעית.html]
[www.meitalav.co.il/%u05D7%u05D9%u05D9%u05DD-%u05D1%u05E6%u05DC-%u05D4%u05D7%u05E8%u05D3%u05D4-%u05D5%u05D4%u05E4%u05D7%u05D3.html]
[www.meitalav.co.il/מוצרי-טיפוח-לעור-הפניםae57.css]
[images7.webydo.com/91/9142713/3958/6AFEBFAA-97FE-92AD-5C2F-988C291D2153.jpg]
[www.meitalav.co.il/מוצרי-טיפוח-לעור-הפנים.html]
[www.meitalav.co.il/מוצרי-טיפוח-לעור-הגוףae57.css]
[images7.webydo.com/91/9142713/3958/8CAE862D-E12B-8746-4C16-E2993D23E4CC.jpg]
[www.meitalav.co.il/מוצרי-טיפוח-לעור-הגוף.html]
[www.meitalav.co.il/פורמולות-צמחי-מרפאae57.css]
[images7.webydo.com/91/9142713/3958/D61B118A-64E7-47D6-EA47-26D85A1EEBB6.jpg]
[www.meitalav.co.il/פורמולות-צמחי-מרפא.html]
[www.meitalav.co.il/תוספי-מזוןae57.css]
[www.meitalav.co.il/תוספי-מזון.html]
[www.meitalav.co.il/חרדות-ופחדיםae57.css]
[www.meitalav.co.il/חרדות-ופחדים.html]
[www.meitalav.co.il/מערכת-הנשימהae57.css]
[www.meitalav.co.il/מערכת-העורae57.css]
[www.meitalav.co.il/מערכת-העיכולae57.css]
[www.meitalav.co.il/aboutae57.css]
[www.meitalav.co.il/גניקולוגיהae57.css]
[www.meitalav.co.il/אינדקס-מחלותae57.css]
[www.meitalav.co.il/חיים-בצל-החרדה-והפחדae57.css]
[www.meitalav.co.il/חנות-מוצריםae57.css]
[www.meitalav.co.il/סרטוניםae57.css]
[www.meitalav.co.il/שפת-הגוף-והנפשae57.css]
[www.meitalav.co.il/תינוקות-וילדיםae57.css]
[www.meitalav.co.il/קוסמטיקה-טבעיתae57.css]
[www.meitalav.co.il/homeae57.css]
[www.meitalav.co.il/טיפולים-שלנוae57.css]
[www.meitalav.co.il/סדנאות-והרצאותae57.css]
[www.meitalav.co.il/מאמרים-וסרטוניםae57.css]
[www.meitalav.co.il/המלצות-לקוחותae57.css]
[www.meitalav.co.il/contactae57.css]
[www.meitalav.co.il/מערכת-אורתופדיתae57.css]
[www.meitalav.co.il/טיפול-ועיסוי-משולבae57.css]
[www.meitalav.co.il/טיפול-בדיקורae57.css]
[www.meitalav.co.il/רפלקסולוגיהae57.css]
[www.meitalav.co.il/נטורופתיהae57.css]
[www.meitalav.co.il/455766.html]
[www.meitalav.co.il/הומופתיה-מודרניתae57.css]
[www.meitalav.co.il/שיטת-שלושת-הממדיםae57.css]
[www.meitalav.co.il/אינפותרפיהae57.css]
[www.meitalav.co.il/פרחי-באךae57.css]
[www.meitalav.co.il/נרות-הופיae57.css]
[www.meitalav.co.il/תטא-הילינגae57.css]
[www.meitalav.co.il/מערכת-הנשימה-והעורae57.css]
[www.meitalav.co.il/סדנת-רפלוקסולוגיהae57.css]
[www.meitalav.co.il/מערכת-עיכול-ותזונהae57.css]
[www.meitalav.co.il/סדנת-קוסמטיקה-טבעיתae57.css]
[www.meitalav.co.il/מוצרי-טיפוח-לעור-הפניםae57.css]
[www.meitalav.co.il/מוצרי-טיפוח-לעור-הגוףae57.css]
[www.meitalav.co.il/פורמולות-צמחי-מרפאae57.css]
[www.meitalav.co.il/תוספי-מזוןae57.css]
[www.meitalav.co.il/חרדות-ופחדיםae57.css]
